{Abha=-32.1/18.0/66.4, Abidjan=-23.3/26.0/74.5, Abéché=-24.8/29.4/78.7, Accra=-20.6/26.4/77.8, Addis Ababa=-32.7/16.0/65.3, Adelaide=-29.7/17.3/71.3, Aden=-20.2/29.1/75.8, Ahvaz=-22.5/25.4/74.8, Albuquerque=-32.9/14.0/61.8, Alexandra=-43.0/11.0/63.9, Alexandria=-27.1/20.0/70.4, Algiers=-31.1/18.2/69.2, Alice Springs=-36.3/21.0/71.2, Almaty=-37.4/10.0/56.0, Amsterdam=-38.5/10.2/57.6, Anadyr=-56.5/-6.9/41.5, Anchorage=-46.2/2.8/59.5, Andorra la Vella=-41.3/9.8/57.8, Ankara=-37.1/12.0/62.6, Antananarivo=-29.7/17.9/68.5, Antsiranana=-25.2/25.2/76.4, Arkhangelsk=-47.2/1.3/54.3, Ashgabat=-32.4/17.1/64.7, Asmara=-33.5/15.6/68.1, Assab=-17.3/30.5/81.9, Astana=-46.0/3.5/54.7, Athens=-35.0/19.2/70.7, Atlanta=-32.9/17.0/66.8, Auckland=-34.1/15.2/68.0, Austin=-28.3/20.7/69.5, Baghdad=-26.9/22.8/70.6, Baguio=-31.7/19.5/70.4, Baku=-35.4/15.1/67.4, Baltimore=-36.2/13.1/61.7, Bamako=-19.4/27.8/78.1, Bangkok=-22.3/28.6/79.1, Bangui=-22.4/26.0/73.6, Banjul=-26.1/26.0/80.6, Barcelona=-33.0/18.2/68.6, Bata=-25.1/25.1/74.8, Batumi=-35.6/14.0/62.1, Beijing=-33.3/12.9/62.5, Beirut=-26.6/20.9/72.4, Belgrade=-34.8/12.5/65.3, Belize City=-22.4/26.7/74.5, Benghazi=-37.4/19.9/72.2, Bergen=-42.6/7.7/56.2, Berlin=-44.0/10.3/64.5, Bilbao=-34.4/14.7/66.6, Birao=-23.2/26.5/76.6, Bishkek=-34.9/11.3/63.3, Bissau=-26.3/27.0/74.6, Blantyre=-23.5/22.2/69.2, Bloemfontein=-32.4/15.6/64.5, Boise=-39.8/11.4/59.7, Bordeaux=-32.4/14.2/62.6, Bosaso=-20.8/30.0/78.6, Boston=-39.2/10.9/58.5, Bouaké=-27.9/26.0/79.1, Bratislava=-41.6/10.5/63.9, Brazzaville=-20.8/25.0/75.7, Bridgetown=-21.1/27.0/76.4, Brisbane=-29.9/21.4/70.0, Brussels=-39.3/10.5/62.4, Bucharest=-41.9/10.8/60.0, Budapest=-35.9/11.3/66.1, Bujumbura=-25.6/23.8/77.2, Bulawayo=-29.4/18.9/72.3, Burnie=-32.8/13.1/61.1, Busan=-37.2/15.0/66.1, Cabo San Lucas=-23.5/23.9/72.5, Cairns=-22.5/25.0/75.2, Cairo=-30.7/21.4/74.8, Calgary=-45.2/4.4/54.0, Canberra=-36.8/13.1/60.4, Cape Town=-34.9/16.2/65.0, Changsha=-29.0/17.4/70.5, Charlotte=-31.4/16.1/65.5, Chiang Mai=-24.5/25.8/75.8, Chicago=-40.5/9.8/57.7, Chihuahua=-28.7/18.6/67.3, Chittagong=-25.3/25.9/74.2, Chișinău=-37.6/10.2/60.4, Chongqing=-33.4/18.6/69.4, Christchurch=-34.9/12.2/61.5, City of San Marino=-37.1/11.8/61.2, Colombo=-21.2/27.4/75.2, Columbus=-34.9/11.7/63.7, Conakry=-23.9/26.4/77.8, Copenhagen=-37.6/9.1/59.5, Cotonou=-20.1/27.2/76.6, Cracow=-36.8/9.3/60.6, Da Lat=-31.6/17.9/71.9, Da Nang=-24.2/25.8/80.6, Dakar=-29.5/24.0/72.1, Dallas=-32.4/19.0/67.5, Damascus=-35.0/17.0/66.5, Dampier=-22.4/26.4/76.2, Dar es Salaam=-21.5/25.8/74.7, Darwin=-22.8/27.6/77.9, Denpasar=-24.7/23.7/76.3, Denver=-39.2/10.4/58.9, Detroit=-39.8/10.0/55.1, Dhaka=-26.5/25.9/72.4, Dikson=-59.8/-11.1/39.2, Dili=-21.3/26.6/78.4, Djibouti=-20.4/29.9/78.0, Dodoma=-32.0/22.7/71.5, Dolisie=-23.3/24.0/76.4, Douala=-23.6/26.7/78.1, Dubai=-23.1/26.9/80.8, Dublin=-39.1/9.8/57.9, Dunedin=-42.0/11.1/61.8, Durban=-28.3/20.6/72.5, Dushanbe=-35.4/14.7/63.2, Edinburgh=-40.3/9.3/58.8, Edmonton=-45.0/4.2/53.7, El Paso=-31.4/18.1/65.9, Entebbe=-27.1/21.0/70.4, Erbil=-32.7/19.5/72.9, Erzurum=-45.5/5.1/56.7, Fairbanks=-51.3/-2.3/46.6, Fianarantsoa=-36.4/17.9/67.9, Flores,  Petén=-25.0/26.4/74.4, Frankfurt=-42.2/10.6/60.1, Fresno=-29.7/17.9/68.2, Fukuoka=-34.9/17.0/65.0, Gaborone=-32.3/21.0/67.4, Gabès=-30.9/19.5/67.1, Gagnoa=-25.7/26.0/76.8, Gangtok=-35.9/15.2/67.4, Garissa=-18.2/29.3/80.3, Garoua=-32.6/28.3/80.3, George Town=-20.7/27.9/78.1, Ghanzi=-28.2/21.4/69.6, Gjoa Haven=-65.0/-14.4/36.0, Guadalajara=-26.9/20.9/71.9, Guangzhou=-28.4/22.4/78.3, Guatemala City=-29.5/20.4/71.1, Halifax=-41.4/7.5/58.3, Hamburg=-41.1/9.7/63.4, Hamilton=-34.4/13.8/63.0, Hanga Roa=-29.6/20.5/68.8, Hanoi=-25.0/23.6/73.9, Harare=-32.5/18.4/68.1, Harbin=-43.8/5.0/52.7, Hargeisa=-30.4/21.7/71.4, Hat Yai=-20.9/27.0/76.8, Havana=-28.7/25.2/74.3, Helsinki=-44.9/5.9/59.5, Heraklion=-30.7/18.9/67.5, Hiroshima=-31.6/16.3/71.3, Ho Chi Minh City=-20.9/27.4/74.9, Hobart=-41.7/12.7/70.5, Hong Kong=-29.0/23.3/76.3, Honiara=-31.4/26.5/79.4, Honolulu=-21.6/25.4/77.2, Houston=-26.9/20.8/71.3, Ifrane=-38.8/11.4/67.4, Indianapolis=-37.2/11.8/60.6, Iqaluit=-56.0/-9.3/37.6, Irkutsk=-50.2/1.0/54.4, Istanbul=-35.0/13.9/62.0, Jacksonville=-30.6/20.3/76.7, Jakarta=-19.8/26.7/73.3, Jayapura=-21.6/27.0/76.9, Jerusalem=-30.8/18.3/68.7, Johannesburg=-35.5/15.5/65.7, Jos=-27.9/22.8/73.2, Juba=-26.7/27.8/86.0, Kabul=-38.4/12.1/58.0, Kampala=-37.3/20.0/71.6, Kandi=-21.3/27.7/80.1, Kankan=-20.1/26.5/74.4, Kano=-23.1/26.4/76.9, Kansas City=-41.5/12.5/61.5, Karachi=-27.6/26.0/76.9, Karonga=-27.9/24.4/73.7, Kathmandu=-31.4/18.3/64.8, Khartoum=-17.3/29.9/78.9, Kingston=-23.9/27.4/74.3, Kinshasa=-26.6/25.3/75.1, Kolkata=-22.6/26.7/74.8, Kuala Lumpur=-20.9/27.3/74.9, Kumasi=-28.3/26.0/76.9, Kunming=-37.1/15.7/66.0, Kuopio=-44.6/3.4/51.6, Kuwait City=-23.4/25.7/75.0, Kyiv=-44.1/8.4/55.2, Kyoto=-35.6/15.8/68.2, La Ceiba=-21.9/26.2/76.4, La Paz=-27.5/23.7/71.4, Lagos=-24.7/26.8/74.3, Lahore=-26.6/24.3/81.0, Lake Havasu City=-26.0/23.7/75.3, Lake Tekapo=-41.9/8.7/58.7, Las Palmas de Gran Canaria=-28.4/21.2/71.9, Las Vegas=-29.2/20.3/66.9, Launceston=-38.9/13.1/66.6, Lhasa=-44.5/7.6/57.9, Libreville=-26.2/25.9/75.3, Lisbon=-36.7/17.5/64.9, Livingstone=-27.4/21.8/69.9, Ljubljana=-39.1/10.9/59.0, Lodwar=-22.0/29.3/82.8, Lomé=-33.0/26.9/76.8, London=-41.3/11.3/59.9, Los Angeles=-32.6/18.6/70.3, Louisville=-35.1/13.9/61.9, Luanda=-23.5/25.8/76.5, Lubumbashi=-29.9/20.8/70.0, Lusaka=-32.1/19.9/74.4, Luxembourg City=-41.1/9.3/58.9, Lviv=-44.1/7.8/56.8, Lyon=-38.3/12.5/63.6, Madrid=-37.4/15.0/62.0, Mahajanga=-23.6/26.3/79.2, Makassar=-22.5/26.7/80.8, Makurdi=-26.4/26.0/77.1, Malabo=-24.8/26.3/79.7, Malé=-22.0/28.0/77.3, Managua=-23.8/27.3/78.2, Manama=-22.9/26.5/75.1, Mandalay=-21.4/28.0/76.5, Mango=-19.8/28.1/76.9, Manila=-17.9/28.4/76.9, Maputo=-28.2/22.8/70.3, Marrakesh=-26.5/19.6/71.8, Marseille=-32.2/15.8/66.2, Maun=-24.8/22.4/72.4, Medan=-24.3/26.5/75.0, Mek'ele=-28.7/22.7/77.5, Melbourne=-33.9/15.1/64.2, Memphis=-31.2/17.2/72.2, Mexicali=-33.2/23.1/72.1, Mexico City=-31.9/17.5/65.8, Miami=-23.1/24.9/74.3, Milan=-34.5/13.0/64.9, Milwaukee=-47.2/8.9/62.4, Minneapolis=-43.2/7.8/55.1, Minsk=-42.2/6.7/56.4, Mogadishu=-26.5/27.1/74.9, Mombasa=-25.3/26.3/77.8, Monaco=-35.2/16.4/65.1, Moncton=-47.7/6.1/59.6, Monterrey=-30.8/22.3/72.0, Montreal=-41.2/6.8/58.2, Moscow=-43.7/5.8/57.8, Mumbai=-22.1/27.1/75.1, Murmansk=-51.0/0.6/50.1, Muscat=-19.9/28.0/77.5, Mzuzu=-35.9/17.7/68.1, N'Djamena=-19.3/28.3/75.2, Naha=-27.7/23.1/71.6, Nairobi=-31.4/17.8/64.2, Nakhon Ratchasima=-21.4/27.3/76.6, Napier=-36.4/14.6/66.0, Napoli=-33.1/15.9/66.6, Nashville=-34.0/15.4/66.5, Nassau=-28.1/24.6/76.4, Ndola=-33.1/20.3/74.4, New Delhi=-24.1/25.0/77.4, New Orleans=-34.4/20.7/70.9, New York City=-39.3/12.9/60.6, Ngaoundéré=-25.5/22.0/74.5, Niamey=-20.5/29.3/78.6, Nicosia=-30.7/19.7/70.9, Niigata=-35.5/13.9/63.2, Nouadhibou=-28.0/21.3/74.5, Nouakchott=-28.2/25.7/72.3, Novosibirsk=-51.7/1.7/49.3, Nuuk=-55.0/-1.4/49.9, Odesa=-41.7/10.7/68.1, Odienné=-23.2/26.0/73.2, Oklahoma City=-35.8/15.9/65.1, Omaha=-45.3/10.6/65.5, Oranjestad=-21.3/28.1/80.2, Oslo=-46.3/5.7/58.0, Ottawa=-42.5/6.6/58.8, Ouagadougou=-25.1/28.3/75.5, Ouahigouya=-21.2/28.6/81.5, Ouarzazate=-29.8/18.9/68.8, Oulu=-46.2/2.7/50.9, Palembang=-20.4/27.3/76.8, Palermo=-31.5/18.5/66.6, Palm Springs=-26.6/24.5/74.3, Palmerston North=-39.6/13.2/61.7, Panama City=-22.4/28.0/81.4, Parakou=-24.9/26.8/75.7, Paris=-35.8/12.3/59.8, Perth=-34.5/18.7/68.7, Petropavlovsk-Kamchatsky=-44.6/1.9/49.5, Philadelphia=-35.7/13.2/62.5, Phnom Penh=-20.9/28.3/80.9, Phoenix=-23.9/23.9/72.3, Pittsburgh=-39.1/10.8/60.5, Podgorica=-32.9/15.3/69.4, Pointe-Noire=-23.9/26.1/74.0, Pontianak=-23.7/27.7/78.3, Port Moresby=-23.0/26.9/74.6, Port Sudan=-24.4/28.4/79.4, Port Vila=-24.8/24.3/75.1, Port-Gentil=-26.4/26.0/74.4, Portland (OR)=-38.3/12.4/60.9, Porto=-35.1/15.7/67.6, Prague=-40.5/8.4/57.9, Praia=-26.4/24.4/71.6, Pretoria=-32.4/18.2/69.2, Pyongyang=-39.6/10.8/63.0, Rabat=-32.1/17.2/66.2, Rangpur=-31.8/24.4/77.3, Reggane=-27.3/28.3/77.2, Reykjavík=-48.8/4.3/52.8, Riga=-46.4/6.2/58.7, Riyadh=-26.3/26.0/75.8, Rome=-32.7/15.2/64.0, Roseau=-22.9/26.2/76.9, Rostov-on-Don=-44.8/9.9/65.7, Sacramento=-32.1/16.3/66.5, Saint Petersburg=-48.5/5.8/54.2, Saint-Pierre=-42.1/5.7/56.1, Salt Lake City=-37.5/11.6/63.4, San Antonio=-29.6/20.8/70.4, San Diego=-30.5/17.8/67.9, San Francisco=-36.4/14.6/62.9, San Jose=-38.1/16.4/68.0, San José=-25.5/22.6/75.6, San Juan=-22.9/27.2/81.5, San Salvador=-29.6/23.1/75.6, Sana'a=-29.2/20.0/70.5, Santo Domingo=-25.3/25.9/74.4, Sapporo=-40.1/8.9/58.9, Sarajevo=-44.7/10.1/62.7, Saskatoon=-47.1/3.3/56.4, Seattle=-40.0/11.3/59.3, Seoul=-36.8/12.5/61.8, Seville=-32.8/19.2/66.6, Shanghai=-32.0/16.7/65.5, Singapore=-21.9/27.0/77.8, Skopje=-38.8/12.4/60.6, Sochi=-42.8/14.2/68.9, Sofia=-37.8/10.6/57.9, Sokoto=-19.4/28.0/77.0, Split=-31.9/16.1/64.8, St. John's=-46.2/5.0/53.9, St. Louis=-33.9/13.9/61.9, Stockholm=-43.4/6.6/54.4, Surabaya=-21.3/27.1/82.6, Suva=-22.3/25.6/77.2, Suwałki=-46.2/7.2/56.4, Sydney=-30.2/17.7/64.6, Ségou=-21.2/28.0/77.9, Tabora=-24.7/23.0/70.9, Tabriz=-36.7/12.6/64.5, Taipei=-25.9/23.0/76.4, Tallinn=-45.0/6.4/53.8, Tamale=-20.5/27.9/82.0, Tamanrasset=-30.8/21.7/70.8, Tampa=-24.3/22.9/75.0, Tashkent=-32.9/14.8/64.1, Tauranga=-35.9/14.8/66.2, Tbilisi=-40.9/12.9/64.5, Tegucigalpa=-27.2/21.7/73.0, Tehran=-30.5/17.0/65.9, Tel Aviv=-30.3/20.0/73.8, Thessaloniki=-34.9/16.0/69.3, Thiès=-26.3/24.0/72.4, Tijuana=-33.8/17.8/64.1, Timbuktu=-25.1/28.0/77.3, Tirana=-33.6/15.2/65.7, Toamasina=-25.3/23.4/72.4, Tokyo=-32.4/15.4/66.8, Toliara=-24.6/24.1/76.4, Toluca=-36.5/12.4/61.5, Toronto=-43.9/9.4/59.2, Tripoli=-29.9/20.0/76.7, Tromsø=-50.1/2.9/51.6, Tucson=-30.3/20.9/70.7, Tunis=-31.9/18.4/67.9, Ulaanbaatar=-50.3/-0.4/50.2, Upington=-30.7/20.4/68.3, Vaduz=-37.9/10.1/60.5, Valencia=-33.6/18.3/67.5, Valletta=-32.5/18.8/70.4, Vancouver=-41.4/10.4/61.0, Veracruz=-22.7/25.4/73.5, Vienna=-38.7/10.4/59.9, Vientiane=-28.0/25.9/78.5, Villahermosa=-20.3/27.1/76.1, Vilnius=-47.1/6.0/59.6, Virginia Beach=-32.6/15.8/63.2, Vladivostok=-48.5/4.9/54.0, Warsaw=-41.8/8.5/61.0, Washington, D.C.=-35.5/14.6/70.8, Wau=-22.2/27.8/77.7, Wellington=-37.3/12.9/61.6, Whitehorse=-47.6/-0.1/49.4, Wichita=-36.3/13.9/62.5, Willemstad=-19.9/28.0/78.3, Winnipeg=-47.2/3.0/48.7, Wrocław=-39.3/9.6/62.8, Xi'an=-38.9/14.1/63.7, Yakutsk=-59.1/-8.8/40.2, Yangon=-20.5/27.5/83.4, Yaoundé=-25.7/23.8/71.4, Yellowknife=-54.2/-4.3/46.5, Yerevan=-41.5/12.4/60.2, Yinchuan=-39.1/9.0/60.5, Zagreb=-36.3/10.7/60.1, Zanzibar City=-24.1/26.0/75.5, Zürich=-36.9/9.3/58.1, Ürümqi=-43.1/7.4/55.4, İzmir=-30.4/17.9/65.9}
